file /home/q7h2q9/os/loos-lab-2025/toolchain/loongarch/gcc-13.2.0-loongarch64-linux-gnu-nw.tgz already exists.
file /home/q7h2q9/os/loos-lab-2025/toolchain/loongarch/qemu-2k1000-static.20240526.tar.xz already exists.
all file have downloaded!
WARNING: Image format was not specified for './2k1000/u-boot-with-spl.bin' and probing guessed raw.
         Automatically detecting the format is dangerous for raw images, write operations on block 0 will be restricted.
         Specify the 'raw' format explicitly to remove the restrictions.
WARNING: Image format was not specified for './2k1000/boot.img' and probing guessed raw.
         Automatically detecting the format is dangerous for raw images, write operations on block 0 will be restricted.
         Specify the 'raw' format explicitly to remove the restrictions.
WARNING: Image format was not specified for './2k1000/rootfs.img' and probing guessed raw.
         Automatically detecting the format is dangerous for raw images, write operations on block 0 will be restricted.
         Specify the 'raw' format explicitly to remove the restrictions.
hda-duplex: hda_audio_init: cad 0
audio: Could not init `oss' audio driver
ram=0x55cc6fcf1d20
length=852992 must be 16777216 bytes,run command:
trucate -s 16777216 file
 to resize file
oobsize = 64




qemu-system-loongarch64: warning: nic pci-synopgmac.1 has no peer
qemu-system-loongarch64: warning: nic e1000e.0 has no peer
hda-duplex: hda_audio_reset
hda-duplex: hda_audio_reset
intel-hda: intel_hda_update_irq: level 0 [intx]

 _     __   __  _  _  ___  ___  __  _  _    /   ___  __  \ 
 |    |  | |  | |\ | | __ [__  |  | |\ |    |  | __ |  \ | 
 |___ |__| |__| | \| |__] ___] |__| | \|    \  |__] |__/ / 

Trying to boot from BootSpace


U-Boot 2022.04 (Jun 04 2024 - 14:23:01 +0800)

CPU:   LA264
Speed: Cpu @ 900 MHz/ Mem @ 400 MHz/ Bus @ 125 MHz
Model: loongson-2k1000
Board: LS2K1000-DP
DRAM:  1 GiB
Core:  79 devices, 22 uclasses, devicetree: board
SF: Detected gd25q128 with page size 256 Bytes, erase size 4 KiB, total 16 MiB
use the default bdinfo
bdinfo is default
cam_disable:1, vpu_disable:1, pcie0_enable:0, pcie1_enable:1
Loading Environment from SPIFlash... *** Warning - bad CRC, using default environment

Cannot get ddc bus
In:    serial gpiobtn 
Out:   serial 
Err:   serial vidconsole 

eth0: using random MAC address - 7a:58:38:bc:34:e9

eth1: using random MAC address - a6:5d:57:88:66:a0
Net:   eth0: ethernet@40040000, eth1: ethernet@40050000
************************** Notice **************************
Press c to enter u-boot console, m to enter boot menu
************************************************************
Bus otg@40000000: dwc2_usb otg@40000000: Core Release: 0.000
dwc2_usb otg@40000000: SNPSID invalid (not DWC2 OTG device): 00000000
Port not available.
Bus ehci@40060000: USB EHCI 1.00
Bus ohci@40070000: USB OHCI 1.0
scanning bus ehci@40060000 for devices... 3 USB Device(s) found
scanning bus ohci@40070000 for devices... 1 USB Device(s) found
init ls_trigger_boot and set it default value
init ls_trigger_u_kernel and set it default value
init ls_trigger_u_rootfs and set it default value
init ls_trigger_u_uboot and set it default value
Saving Environment to SPIFlash... Erasing SPI flash...Writing to SPI flash...done
OK
Autoboot in 0 seconds

Reset SCSI
scanning bus for devices...
Target spinup took 0 ms.
Target spinup took 0 ms.
Target spinup took 0 ms.
SATA link 3 timeout.
SATA link 4 timeout.
SATA link 5 timeout.
AHCI 0001.0000 32 slots 6 ports 1.5 Gbps 0x3f impl SATA mode
flags: 64bit ncq only 
  Device 0: (0:0) Vendor: ATA Prod.: QEMU HARDDISK Rev: 2.5+
            Type: Hard Disk
            Capacity: 1024.0 MB = 1.0 GB (2097152 x 512)
  Device 1: (1:0) Vendor: ATA Prod.: QEMU HARDDISK Rev: 2.5+
            Type: Hard Disk
            Capacity: 256.0 MB = 0.2 GB (524288 x 512)
  Device 2: (2:0) Vendor: ATA Prod.: QEMU HARDDISK Rev: 2.5+
            Type: Hard Disk
            Capacity: 256.0 MB = 0.2 GB (524288 x 512)
81504 bytes read in 13 ms (6 MiB/s)
## Starting application at 0x9000000090000000 ...
/bin # /bin/sys_test
Error: unkown opcode. 0000000120000080: 0x0
/bin/sys_test: instrcution non-exist exception
badv=0x7FFEF3C4 era=0x120000084
badi=0x0
/bin # echo "getppid return: $?"
getppid return: 1
/bin # eximake[1]: *** [/home/q7h2q9/os/loos-lab-2025/scripts/toolchain/loongarch/Makefile.qemu:63: debug] Terminated
t
make: *** [Makefile:239: lorunqemugdb] Terminated
